This is pdfTeX, Version 3.141592653-2.6-1.40.25 (MiKTeX 24.1) (preloaded format=pdflatex 2025.3.18)  14 APR 2025 18:42
entering extended mode
 restricted \write18 enabled.
 file:line:error style messages enabled.
 %&-line parsing enabled.
**c:/Users/Buravit/Desktop/TaskAlign_Latex/KU-TaskAlign-SRS/document.tex
(c:/Users/Buravit/Desktop/TaskAlign_Latex/KU-TaskAlign-SRS/document.tex
LaTeX2e <2023-11-01> patch level 1
L3 programming layer <2024-01-04>
(C:\Users\Buravit\AppData\Local\Programs\MiKTeX\tex/latex/base\report.cls
Document Class: report 2023/05/17 v1.4n Standard LaTeX document class
(C:\Users\Buravit\AppData\Local\Programs\MiKTeX\tex/latex/base\size10.clo
File: size10.clo 2023/05/17 v1.4n Standard LaTeX file (size option)
)
\c@part=\count187
\c@chapter=\count188
\c@section=\count189
\c@subsection=\count190
\c@subsubsection=\count191
\c@paragraph=\count192
\c@subparagraph=\count193
\c@figure=\count194
\c@table=\count195
\abovecaptionskip=\skip48
\belowcaptionskip=\skip49
\bibindent=\dimen140
) (skesrsstyles.sty (C:\Users\Buravit\AppData\Local\Programs\MiKTeX\tex/latex/geometry\geometry.sty
Package: geometry 2020/01/02 v5.9 Page Geometry
 (C:\Users\Buravit\AppData\Local\Programs\MiKTeX\tex/latex/graphics\keyval.sty
Package: keyval 2022/05/29 v1.15 key=value parser (DPC)
\KV@toks@=\toks17
) (C:\Users\Buravit\AppData\Local\Programs\MiKTeX\tex/generic/iftex\ifvtex.sty
Package: ifvtex 2019/10/25 v1.7 ifvtex legacy package. Use iftex instead.
 (C:\Users\Buravit\AppData\Local\Programs\MiKTeX\tex/generic/iftex\iftex.sty
Package: iftex 2022/02/03 v1.0f TeX engine tests
))
\Gm@cnth=\count196
\Gm@cntv=\count197
\c@Gm@tempcnt=\count198
\Gm@bindingoffset=\dimen141
\Gm@wd@mp=\dimen142
\Gm@odd@mp=\dimen143
\Gm@even@mp=\dimen144
\Gm@layoutwidth=\dimen145
\Gm@layoutheight=\dimen146
\Gm@layouthoffset=\dimen147
\Gm@layoutvoffset=\dimen148
\Gm@dimlist=\toks18
 (C:\Users\Buravit\AppData\Local\Programs\MiKTeX\tex/latex/geometry\geometry.cfg)) (C:\Users\Buravit\AppData\Local\Programs\MiKTeX\tex/latex/fancyhdr\fancyhdr.sty
Package: fancyhdr 2025/02/07 v5.2 Extensive control of page headers and footers
\f@nch@headwidth=\skip50
\f@nch@offset@elh=\skip51
\f@nch@offset@erh=\skip52
\f@nch@offset@olh=\skip53
\f@nch@offset@orh=\skip54
\f@nch@offset@elf=\skip55
\f@nch@offset@erf=\skip56
\f@nch@offset@olf=\skip57
\f@nch@offset@orf=\skip58
\f@nch@height=\skip59
\f@nch@footalignment=\skip60
\f@nch@widthL=\skip61
\f@nch@widthC=\skip62
\f@nch@widthR=\skip63
\@temptokenb=\toks19
)) (C:\Users\Buravit\AppData\Local\Programs\MiKTeX\tex/latex/base\inputenc.sty
Package: inputenc 2021/02/14 v1.3d Input encoding file
\inpenc@prehook=\toks20
\inpenc@posthook=\toks21
) (C:\Users\Buravit\AppData\Local\Programs\MiKTeX\tex/latex/base\fontenc.sty
Package: fontenc 2021/04/29 v2.0v Standard LaTeX package
) (C:\Users\Buravit\AppData\Local\Programs\MiKTeX\tex/latex/psnfss\mathptmx.sty
Package: mathptmx 2020/03/25 PSNFSS-v9.3 Times w/ Math, improved (SPQR, WaS) 
LaTeX Font Info:    Redeclaring symbol font `operators' on input line 28.
LaTeX Font Info:    Overwriting symbol font `operators' in version `normal'
(Font)                  OT1/cmr/m/n --> OT1/ztmcm/m/n on input line 28.
LaTeX Font Info:    Overwriting symbol font `operators' in version `bold'
(Font)                  OT1/cmr/bx/n --> OT1/ztmcm/m/n on input line 28.
LaTeX Font Info:    Redeclaring symbol font `letters' on input line 29.
LaTeX Font Info:    Overwriting symbol font `letters' in version `normal'
(Font)                  OML/cmm/m/it --> OML/ztmcm/m/it on input line 29.
LaTeX Font Info:    Overwriting symbol font `letters' in version `bold'
(Font)                  OML/cmm/b/it --> OML/ztmcm/m/it on input line 29.
LaTeX Font Info:    Redeclaring symbol font `symbols' on input line 30.
LaTeX Font Info:    Overwriting symbol font `symbols' in version `normal'
(Font)                  OMS/cmsy/m/n --> OMS/ztmcm/m/n on input line 30.
LaTeX Font Info:    Overwriting symbol font `symbols' in version `bold'
(Font)                  OMS/cmsy/b/n --> OMS/ztmcm/m/n on input line 30.
LaTeX Font Info:    Redeclaring symbol font `largesymbols' on input line 31.
LaTeX Font Info:    Overwriting symbol font `largesymbols' in version `normal'
(Font)                  OMX/cmex/m/n --> OMX/ztmcm/m/n on input line 31.
LaTeX Font Info:    Overwriting symbol font `largesymbols' in version `bold'
(Font)                  OMX/cmex/m/n --> OMX/ztmcm/m/n on input line 31.
\symbold=\mathgroup4
\symitalic=\mathgroup5
LaTeX Font Info:    Redeclaring math alphabet \mathbf on input line 34.
LaTeX Font Info:    Overwriting math alphabet `\mathbf' in version `normal'
(Font)                  OT1/cmr/bx/n --> OT1/ptm/bx/n on input line 34.
LaTeX Font Info:    Overwriting math alphabet `\mathbf' in version `bold'
(Font)                  OT1/cmr/bx/n --> OT1/ptm/bx/n on input line 34.
LaTeX Font Info:    Redeclaring math alphabet \mathit on input line 35.
LaTeX Font Info:    Overwriting math alphabet `\mathit' in version `normal'
(Font)                  OT1/cmr/m/it --> OT1/ptm/m/it on input line 35.
LaTeX Font Info:    Overwriting math alphabet `\mathit' in version `bold'
(Font)                  OT1/cmr/bx/it --> OT1/ptm/m/it on input line 35.
LaTeX Info: Redefining \hbar on input line 50.
) (C:\Users\Buravit\AppData\Local\Programs\MiKTeX\tex/latex/hyperref\hyperref.sty
Package: hyperref 2023-11-26 v7.01g Hypertext links for LaTeX
 (C:\Users\Buravit\AppData\Local\Programs\MiKTeX\tex/generic/infwarerr\infwarerr.sty
Package: infwarerr 2019/12/03 v1.5 Providing info/warning/error messages (HO)
) (C:\Users\Buravit\AppData\Local\Programs\MiKTeX\tex/latex/kvsetkeys\kvsetkeys.sty
Package: kvsetkeys 2022-10-05 v1.19 Key value parser (HO)
) (C:\Users\Buravit\AppData\Local\Programs\MiKTeX\tex/generic/kvdefinekeys\kvdefinekeys.sty
Package: kvdefinekeys 2019-12-19 v1.6 Define keys (HO)
) (C:\Users\Buravit\AppData\Local\Programs\MiKTeX\tex/generic/pdfescape\pdfescape.sty
Package: pdfescape 2019/12/09 v1.15 Implements pdfTeX's escape features (HO)
 (C:\Users\Buravit\AppData\Local\Programs\MiKTeX\tex/generic/ltxcmds\ltxcmds.sty
Package: ltxcmds 2023-12-04 v1.26 LaTeX kernel commands for general use (HO)
) (C:\Users\Buravit\AppData\Local\Programs\MiKTeX\tex/generic/pdftexcmds\pdftexcmds.sty
Package: pdftexcmds 2020-06-27 v0.33 Utility functions of pdfTeX for LuaTeX (HO)
Package pdftexcmds Info: \pdf@primitive is available.
Package pdftexcmds Info: \pdf@ifprimitive is available.
Package pdftexcmds Info: \pdfdraftmode found.
)) (C:\Users\Buravit\AppData\Local\Programs\MiKTeX\tex/latex/hycolor\hycolor.sty
Package: hycolor 2020-01-27 v1.10 Color options for hyperref/bookmark (HO)
) (C:\Users\Buravit\AppData\Local\Programs\MiKTeX\tex/latex/letltxmacro\letltxmacro.sty
Package: letltxmacro 2019/12/03 v1.6 Let assignment for LaTeX macros (HO)
) (C:\Users\Buravit\AppData\Local\Programs\MiKTeX\tex/latex/auxhook\auxhook.sty
Package: auxhook 2019-12-17 v1.6 Hooks for auxiliary files (HO)
) (C:\Users\Buravit\AppData\Local\Programs\MiKTeX\tex/latex/hyperref\nameref.sty
Package: nameref 2023-11-26 v2.56 Cross-referencing by name of section
 (C:\Users\Buravit\AppData\Local\Programs\MiKTeX\tex/latex/refcount\refcount.sty
Package: refcount 2019/12/15 v3.6 Data extraction from label references (HO)
) (C:\Users\Buravit\AppData\Local\Programs\MiKTeX\tex/generic/gettitlestring\gettitlestring.sty
Package: gettitlestring 2019/12/15 v1.6 Cleanup title references (HO)
 (C:\Users\Buravit\AppData\Local\Programs\MiKTeX\tex/latex/kvoptions\kvoptions.sty
Package: kvoptions 2022-06-15 v3.15 Key value format for package options (HO)
))
\c@section@level=\count199
) (C:\Users\Buravit\AppData\Local\Programs\MiKTeX\tex/latex/etoolbox\etoolbox.sty
Package: etoolbox 2020/10/05 v2.5k e-TeX tools for LaTeX (JAW)
\etb@tempcnta=\count266
)
\@linkdim=\dimen149
\Hy@linkcounter=\count267
\Hy@pagecounter=\count268
 (C:\Users\Buravit\AppData\Local\Programs\MiKTeX\tex/latex/hyperref\pd1enc.def
File: pd1enc.def 2023-11-26 v7.01g Hyperref: PDFDocEncoding definition (HO)
Now handling font encoding PD1 ...
... no UTF-8 mapping file for font encoding PD1
) (C:\Users\Buravit\AppData\Local\Programs\MiKTeX\tex/generic/intcalc\intcalc.sty
Package: intcalc 2019/12/15 v1.3 Expandable calculations with integers (HO)
)
\Hy@SavedSpaceFactor=\count269
 (C:\Users\Buravit\AppData\Local\Programs\MiKTeX\tex/latex/hyperref\puenc.def
File: puenc.def 2023-11-26 v7.01g Hyperref: PDF Unicode definition (HO)
Now handling font encoding PU ...
... no UTF-8 mapping file for font encoding PU
)
Package hyperref Info: Hyper figures OFF on input line 4181.
Package hyperref Info: Link nesting OFF on input line 4186.
Package hyperref Info: Hyper index ON on input line 4189.
Package hyperref Info: Plain pages OFF on input line 4196.
Package hyperref Info: Backreferencing OFF on input line 4201.
Package hyperref Info: Implicit mode ON; LaTeX internals redefined.
Package hyperref Info: Bookmarks ON on input line 4448.
\c@Hy@tempcnt=\count270
 (C:\Users\Buravit\AppData\Local\Programs\MiKTeX\tex/latex/url\url.sty
\Urlmuskip=\muskip16
Package: url 2013/09/16  ver 3.4  Verb mode for urls, etc.
)
LaTeX Info: Redefining \url on input line 4786.
\XeTeXLinkMargin=\dimen150
 (C:\Users\Buravit\AppData\Local\Programs\MiKTeX\tex/generic/bitset\bitset.sty
Package: bitset 2019/12/09 v1.3 Handle bit-vector datatype (HO)
 (C:\Users\Buravit\AppData\Local\Programs\MiKTeX\tex/generic/bigintcalc\bigintcalc.sty
Package: bigintcalc 2019/12/15 v1.5 Expandable calculations on big integers (HO)
))
\Fld@menulength=\count271
\Field@Width=\dimen151
\Fld@charsize=\dimen152
Package hyperref Info: Hyper figures OFF on input line 6065.
Package hyperref Info: Link nesting OFF on input line 6070.
Package hyperref Info: Hyper index ON on input line 6073.
Package hyperref Info: backreferencing OFF on input line 6080.
Package hyperref Info: Link coloring OFF on input line 6085.
Package hyperref Info: Link coloring with OCG OFF on input line 6090.
Package hyperref Info: PDF/A mode OFF on input line 6095.
 (C:\Users\Buravit\AppData\Local\Programs\MiKTeX\tex/latex/base\atbegshi-ltx.sty
Package: atbegshi-ltx 2021/01/10 v1.0c Emulation of the original atbegshi
package with kernel methods
)
\Hy@abspage=\count272
\c@Item=\count273
\c@Hfootnote=\count274
)
Package hyperref Info: Driver (autodetected): hpdftex.
 (C:\Users\Buravit\AppData\Local\Programs\MiKTeX\tex/latex/hyperref\hpdftex.def
File: hpdftex.def 2023-11-26 v7.01g Hyperref driver for pdfTeX
 (C:\Users\Buravit\AppData\Local\Programs\MiKTeX\tex/latex/base\atveryend-ltx.sty
Package: atveryend-ltx 2020/08/19 v1.0a Emulation of the original atveryend package
with kernel methods
)
\Fld@listcount=\count275
\c@bookmark@seq@number=\count276
 (C:\Users\Buravit\AppData\Local\Programs\MiKTeX\tex/latex/rerunfilecheck\rerunfilecheck.sty
Package: rerunfilecheck 2022-07-10 v1.10 Rerun checks for auxiliary files (HO)
 (C:\Users\Buravit\AppData\Local\Programs\MiKTeX\tex/generic/uniquecounter\uniquecounter.sty
Package: uniquecounter 2019/12/15 v1.4 Provide unlimited unique counter (HO)
)
Package uniquecounter Info: New unique counter `rerunfilecheck' on input line 285.
)
\Hy@SectionHShift=\skip64
) (C:\Users\Buravit\AppData\Local\Programs\MiKTeX\tex/latex/microtype\microtype.sty
Package: microtype 2025/02/11 v3.2a Micro-typographical refinements (RS)
\MT@toks=\toks22
\MT@tempbox=\box51
\MT@count=\count277
LaTeX Info: Redefining \noprotrusionifhmode on input line 1087.
LaTeX Info: Redefining \leftprotrusion on input line 1088.
\MT@prot@toks=\toks23
LaTeX Info: Redefining \rightprotrusion on input line 1107.
LaTeX Info: Redefining \textls on input line 1449.
\MT@outer@kern=\dimen153
LaTeX Info: Redefining \microtypecontext on input line 2053.
LaTeX Info: Redefining \textmicrotypecontext on input line 2070.
\MT@listname@count=\count278
 (C:\Users\Buravit\AppData\Local\Programs\MiKTeX\tex/latex/microtype\microtype-pdftex.def
File: microtype-pdftex.def 2025/02/11 v3.2a Definitions specific to pdftex (RS)
LaTeX Info: Redefining \lsstyle on input line 944.
LaTeX Info: Redefining \lslig on input line 944.
\MT@outer@space=\skip65
)
Package microtype Info: Loading configuration file microtype.cfg.
 (C:\Users\Buravit\AppData\Local\Programs\MiKTeX\tex/latex/microtype\microtype.cfg
File: microtype.cfg 2025/02/11 v3.2a microtype main configuration file (RS)
)
LaTeX Info: Redefining \microtypesetup on input line 3065.
) (C:\Users\Buravit\AppData\Local\Programs\MiKTeX\tex/latex/cleveref\cleveref.sty
Package: cleveref 2018/03/27 v0.21.4 Intelligent cross-referencing
Package cleveref Info: `hyperref' support loaded on input line 2370.
LaTeX Info: Redefining \cref on input line 2370.
LaTeX Info: Redefining \Cref on input line 2370.
LaTeX Info: Redefining \crefrange on input line 2370.
LaTeX Info: Redefining \Crefrange on input line 2370.
LaTeX Info: Redefining \cpageref on input line 2370.
LaTeX Info: Redefining \Cpageref on input line 2370.
LaTeX Info: Redefining \cpagerefrange on input line 2370.
LaTeX Info: Redefining \Cpagerefrange on input line 2370.
LaTeX Info: Redefining \labelcref on input line 2370.
LaTeX Info: Redefining \labelcpageref on input line 2370.
) (C:\Users\Buravit\AppData\Local\Programs\MiKTeX\tex/latex/graphics\graphicx.sty
Package: graphicx 2021/09/16 v1.2d Enhanced LaTeX Graphics (DPC,SPQR)
 (C:\Users\Buravit\AppData\Local\Programs\MiKTeX\tex/latex/graphics\graphics.sty
Package: graphics 2022/03/10 v1.4e Standard LaTeX Graphics (DPC,SPQR)
 (C:\Users\Buravit\AppData\Local\Programs\MiKTeX\tex/latex/graphics\trig.sty
Package: trig 2021/08/11 v1.11 sin cos tan (DPC)
) (C:\Users\Buravit\AppData\Local\Programs\MiKTeX\tex/latex/graphics-cfg\graphics.cfg
File: graphics.cfg 2016/06/04 v1.11 sample graphics configuration
)
Package graphics Info: Driver file: pdftex.def on input line 107.
 (C:\Users\Buravit\AppData\Local\Programs\MiKTeX\tex/latex/graphics-def\pdftex.def
File: pdftex.def 2022/09/22 v1.2b Graphics/color driver for pdftex
))
\Gin@req@height=\dimen154
\Gin@req@width=\dimen155
) (C:\Users\Buravit\AppData\Local\Programs\MiKTeX\tex/latex/tools\tabularx.sty
Package: tabularx 2023/07/08 v2.11c `tabularx' package (DPC)
 (C:\Users\Buravit\AppData\Local\Programs\MiKTeX\tex/latex/tools\array.sty
Package: array 2023/10/16 v2.5g Tabular extension package (FMi)
\col@sep=\dimen156
\ar@mcellbox=\box52
\extrarowheight=\dimen157
\NC@list=\toks24
\extratabsurround=\skip66
\backup@length=\skip67
\ar@cellbox=\box53
)
\TX@col@width=\dimen158
\TX@old@table=\dimen159
\TX@old@col=\dimen160
\TX@target=\dimen161
\TX@delta=\dimen162
\TX@cols=\count279
\TX@ftn=\toks25
) (C:\Users\Buravit\AppData\Local\Programs\MiKTeX\tex/latex/tools\indentfirst.sty
Package: indentfirst 2023/07/02 v1.03 Indent first paragraph (DPC)
) (C:\Users\Buravit\AppData\Local\Programs\MiKTeX\tex/latex/enumitem\enumitem.sty
Package: enumitem 2025/02/06 v3.11 Customized lists
\labelindent=\skip68
\enit@outerparindent=\dimen163
\enit@toks=\toks26
\enit@inbox=\box54
\enit@count@id=\count280
\enitdp@description=\count281
) (C:\Users\Buravit\AppData\Local\Programs\MiKTeX\tex/latex/changepage\chngpage.sty
Package: chngpage 2009/10/20 v1.2b change page layout
\c@cp@cnt=\count282
\c@cp@tempcnt=\count283
) (C:\Users\Buravit\AppData\Local\Programs\MiKTeX\tex/latex/xcolor\xcolor.sty
Package: xcolor 2023/11/15 v3.01 LaTeX color extensions (UK)
 (C:\Users\Buravit\AppData\Local\Programs\MiKTeX\tex/latex/graphics-cfg\color.cfg
File: color.cfg 2016/01/02 v1.6 sample color configuration
)
Package xcolor Info: Driver file: pdftex.def on input line 274.
 (C:\Users\Buravit\AppData\Local\Programs\MiKTeX\tex/latex/graphics\mathcolor.ltx)
Package xcolor Info: Model `cmy' substituted by `cmy0' on input line 1350.
Package xcolor Info: Model `hsb' substituted by `rgb' on input line 1354.
Package xcolor Info: Model `RGB' extended on input line 1366.
Package xcolor Info: Model `HTML' substituted by `rgb' on input line 1368.
Package xcolor Info: Model `Hsb' substituted by `hsb' on input line 1369.
Package xcolor Info: Model `tHsb' substituted by `hsb' on input line 1370.
Package xcolor Info: Model `HSB' substituted by `hsb' on input line 1371.
Package xcolor Info: Model `Gray' substituted by `gray' on input line 1372.
Package xcolor Info: Model `wave' substituted by `hsb' on input line 1373.
) (C:\Users\Buravit\AppData\Local\Programs\MiKTeX\tex/latex/xcolor\svgnam.def
File: svgnam.def 2023/11/15 v3.01 Predefined colors according to SVG 1.1 (UK)
) (C:\Users\Buravit\AppData\Local\Programs\MiKTeX\tex/latex/colortbl\colortbl.sty
Package: colortbl 2024/07/06 v1.0i Color table columns (DPC)
\everycr=\toks27
\minrowclearance=\skip69
\rownum=\count284
) (C:\Users\Buravit\AppData\Local\Programs\MiKTeX\tex/latex/float\float.sty
Package: float 2001/11/08 v1.3d Float enhancements (AL)
\c@float@type=\count285
\float@exts=\toks28
\float@box=\box55
\@float@everytoks=\toks29
\@floatcapt=\box56
)
LaTeX Font Info:    Trying to load font information for T1+ptm on input line 42.
 (C:\Users\Buravit\AppData\Local\Programs\MiKTeX\tex/latex/psnfss\t1ptm.fd
File: t1ptm.fd 2001/06/04 font definitions for T1/ptm.
) (C:\Users\Buravit\AppData\Local\Programs\MiKTeX\tex/latex/l3backend\l3backend-pdftex.def
File: l3backend-pdftex.def 2024-01-04 L3 backend support: PDF output (pdfTeX)
\l__color_backend_stack_int=\count286
\l__pdf_internal_box=\box57
) (document.aux (partials/cover.aux) (partials/innercover.aux) (body/abstract.aux) (body/acknowledgement.aux) (body/introduction.aux) (body/relatedworks.aux) (body/requirementanalysis.aux) (body/softwarearchitecture.aux) (body/softwaredevelopment.aux) (body/deliverable.aux) (body/discussion.aux) (body/appendices.aux))
\openout1 = `document.aux'.

LaTeX Font Info:    Checking defaults for OML/cmm/m/it on input line 42.
LaTeX Font Info:    ... okay on input line 42.
LaTeX Font Info:    Checking defaults for OMS/cmsy/m/n on input line 42.
LaTeX Font Info:    ... okay on input line 42.
LaTeX Font Info:    Checking defaults for OT1/cmr/m/n on input line 42.
LaTeX Font Info:    ... okay on input line 42.
LaTeX Font Info:    Checking defaults for T1/cmr/m/n on input line 42.
LaTeX Font Info:    ... okay on input line 42.
LaTeX Font Info:    Checking defaults for TS1/cmr/m/n on input line 42.
LaTeX Font Info:    ... okay on input line 42.
LaTeX Font Info:    Checking defaults for OMX/cmex/m/n on input line 42.
LaTeX Font Info:    ... okay on input line 42.
LaTeX Font Info:    Checking defaults for U/cmr/m/n on input line 42.
LaTeX Font Info:    ... okay on input line 42.
LaTeX Font Info:    Checking defaults for PD1/pdf/m/n on input line 42.
LaTeX Font Info:    ... okay on input line 42.
LaTeX Font Info:    Checking defaults for PU/pdf/m/n on input line 42.
LaTeX Font Info:    ... okay on input line 42.

*geometry* driver: auto-detecting
*geometry* detected driver: pdftex
*geometry* verbose mode - [ preamble ] result:
* driver: pdftex
* paper: a4paper
* layout: <same size as paper>
* layoutoffset:(h,v)=(0.0pt,0.0pt)
* modes: 
* h-part:(L,W,R)=(89.62709pt, 418.25368pt, 89.6271pt)
* v-part:(T,H,B)=(101.40665pt, 591.5302pt, 152.11pt)
* \paperwidth=597.50787pt
* \paperheight=845.04684pt
* \textwidth=418.25368pt
* \textheight=591.5302pt
* \oddsidemargin=17.3571pt
* \evensidemargin=17.3571pt
* \topmargin=-7.86334pt
* \headheight=12.0pt
* \headsep=25.0pt
* \topskip=10.0pt
* \footskip=30.0pt
* \marginparwidth=65.0pt
* \marginparsep=11.0pt
* \columnsep=10.0pt
* \skip\footins=9.0pt plus 4.0pt minus 2.0pt
* \hoffset=0.0pt
* \voffset=0.0pt
* \mag=1000
* \@twocolumnfalse
* \@twosidefalse
* \@mparswitchfalse
* \@reversemarginfalse
* (1in=72.27pt=25.4mm, 1cm=28.453pt)

*geometry* verbose mode - [ newgeometry ] result:
* driver: pdftex
* paper: a4paper
* layout: <same size as paper>
* layoutoffset:(h,v)=(0.0pt,0.0pt)
* modes: 
* h-part:(L,W,R)=(108.405pt, 416.83289pt, 72.26999pt)
* v-part:(T,H,B)=(108.405pt, 664.37186pt, 72.26999pt)
* \paperwidth=597.50787pt
* \paperheight=845.04684pt
* \textwidth=416.83289pt
* \textheight=664.37186pt
* \oddsidemargin=36.13501pt
* \evensidemargin=36.13501pt
* \topmargin=-0.86499pt
* \headheight=12.0pt
* \headsep=25.0pt
* \topskip=10.0pt
* \footskip=30.0pt
* \marginparwidth=65.0pt
* \marginparsep=11.0pt
* \columnsep=10.0pt
* \skip\footins=9.0pt plus 4.0pt minus 2.0pt
* \hoffset=0.0pt
* \voffset=0.0pt
* \mag=1000
* \@twocolumnfalse
* \@twosidefalse
* \@mparswitchfalse
* \@reversemarginfalse
* (1in=72.27pt=25.4mm, 1cm=28.453pt)

\big@size=\dimen164
Package hyperref Info: Link coloring OFF on input line 42.
(document.out) (document.out)
\@outlinefile=\write3
\openout3 = `document.out'.

LaTeX Info: Redefining \microtypecontext on input line 42.
Package microtype Info: Applying patch `item' on input line 42.
Package microtype Info: Applying patch `toc' on input line 42.
Package microtype Info: Applying patch `eqnum' on input line 42.
Package microtype Info: Applying patch `footnote' on input line 42.
Package microtype Info: Applying patch `verbatim' on input line 42.
LaTeX Info: Redefining \microtypesetup on input line 42.
Package microtype Info: Generating PDF output.
Package microtype Info: Character protrusion enabled (level 2).
Package microtype Info: Using default protrusion set `alltext'.
Package microtype Info: Automatic font expansion enabled (level 2),
(microtype)             stretch: 20, shrink: 20, step: 1, non-selected.
Package microtype Info: Using default expansion set `alltext-nott'.
LaTeX Info: Redefining \showhyphens on input line 42.
Package microtype Info: No adjustment of tracking.
Package microtype Info: No adjustment of interword spacing.
Package microtype Info: No adjustment of character kerning.
 (C:\Users\Buravit\AppData\Local\Programs\MiKTeX\tex/latex/microtype\mt-ptm.cfg
File: mt-ptm.cfg 2006/04/20 v1.7 microtype config. file: Times (RS)
) (C:\Users\Buravit\AppData\Local\Programs\MiKTeX\tex/context/base/mkii\supp-pdf.mkii
[Loading MPS to PDF converter (version 2006.09.02).]
\scratchcounter=\count287
\scratchdimen=\dimen165
\scratchbox=\box58
\nofMPsegments=\count288
\nofMParguments=\count289
\everyMPshowfont=\toks30
\MPscratchCnt=\count290
\MPscratchDim=\dimen166
\MPnumerator=\count291
\makeMPintoPDFobject=\count292
\everyMPtoPDFconversion=\toks31
) (C:\Users\Buravit\AppData\Local\Programs\MiKTeX\tex/latex/epstopdf-pkg\epstopdf-base.sty
Package: epstopdf-base 2020-01-24 v2.11 Base part for package epstopdf
Package epstopdf-base Info: Redefining graphics rule for `.eps' on input line 485.
 (C:\Users\Buravit\AppData\Local\Programs\MiKTeX\tex/latex/00miktex\epstopdf-sys.cfg
File: epstopdf-sys.cfg 2021/03/18 v2.0 Configuration of epstopdf for MiKTeX
))
\openout2 = `partials/cover.aux'.

 (partials/cover.tex
*geometry* verbose mode - [ newgeometry ] result:
* driver: pdftex
* paper: a4paper
* layout: <same size as paper>
* layoutoffset:(h,v)=(0.0pt,0.0pt)
* modes: 
* h-part:(L,W,R)=(72.26999pt, 452.9679pt, 72.26999pt)
* v-part:(T,H,B)=(72.26999pt, 700.50687pt, 72.26999pt)
* \paperwidth=597.50787pt
* \paperheight=845.04684pt
* \textwidth=452.9679pt
* \textheight=700.50687pt
* \oddsidemargin=0.0pt
* \evensidemargin=0.0pt
* \topmargin=-37.0pt
* \headheight=12.0pt
* \headsep=25.0pt
* \topskip=10.0pt
* \footskip=30.0pt
* \marginparwidth=65.0pt
* \marginparsep=11.0pt
* \columnsep=10.0pt
* \skip\footins=9.0pt plus 4.0pt minus 2.0pt
* \hoffset=0.0pt
* \voffset=0.0pt
* \mag=1000
* \@twocolumnfalse
* \@twosidefalse
* \@mparswitchfalse
* \@reversemarginfalse
* (1in=72.27pt=25.4mm, 1cm=28.453pt)

<assets/ku/symbol.png, id=243, 308.352pt x 308.352pt>
File: assets/ku/symbol.png Graphic file (type png)
<use assets/ku/symbol.png>
Package pdftex.def Info: assets/ku/symbol.png  used on input line 5.
(pdftex.def)             Requested size: 122.85876pt x 122.85869pt.
 [1




{C:/Users/Buravit/AppData/Local/MiKTeX/fonts/map/pdftex/pdftex.map}{C:/Users/Buravit/AppData/Local/Programs/MiKTeX/fonts/enc/dvips/base/8r.enc} <./assets/ku/symbol.png>])
\openout2 = `partials/innercover.aux'.

 (partials/innercover.tex
*geometry* verbose mode - [ newgeometry ] result:
* driver: pdftex
* paper: a4paper
* layout: <same size as paper>
* layoutoffset:(h,v)=(0.0pt,0.0pt)
* modes: 
* h-part:(L,W,R)=(72.26999pt, 452.9679pt, 72.26999pt)
* v-part:(T,H,B)=(108.405pt, 664.37186pt, 72.26999pt)
* \paperwidth=597.50787pt
* \paperheight=845.04684pt
* \textwidth=452.9679pt
* \textheight=664.37186pt
* \oddsidemargin=0.0pt
* \evensidemargin=0.0pt
* \topmargin=-0.86499pt
* \headheight=12.0pt
* \headsep=25.0pt
* \topskip=10.0pt
* \footskip=30.0pt
* \marginparwidth=65.0pt
* \marginparsep=11.0pt
* \columnsep=10.0pt
* \skip\footins=9.0pt plus 4.0pt minus 2.0pt
* \hoffset=0.0pt
* \voffset=0.0pt
* \mag=1000
* \@twocolumnfalse
* \@twosidefalse
* \@mparswitchfalse
* \@reversemarginfalse
* (1in=72.27pt=25.4mm, 1cm=28.453pt)

 (C:\Users\Buravit\AppData\Local\Programs\MiKTeX\tex/latex/psnfss\ot1ztmcm.fd) (C:\Users\Buravit\AppData\Local\Programs\MiKTeX\tex/latex/psnfss\omlztmcm.fd) (C:\Users\Buravit\AppData\Local\Programs\MiKTeX\tex/latex/psnfss\omsztmcm.fd) (C:\Users\Buravit\AppData\Local\Programs\MiKTeX\tex/latex/psnfss\omxztmcm.fd) (C:\Users\Buravit\AppData\Local\Programs\MiKTeX\tex/latex/psnfss\ot1ptm.fd)
Underfull \hbox (badness 10000) in alignment at lines 35--35
[][] 
 []


Overfull \hbox (15.0pt too wide) in paragraph at lines 35--36
[][] 
 []

[2





])
\openout2 = `body/abstract.aux'.

 (body/abstract.tex) [1




]
\openout2 = `body/acknowledgement.aux'.

 (body/acknowledgement.tex) [2



] (document.toc [3


] [4])
\tf@toc=\write4
\openout4 = `document.toc'.

 [5] (document.lot)
\tf@lot=\write5
\openout5 = `document.lot'.

 [6] (document.lof)
\tf@lof=\write6
\openout6 = `document.lof'.

 [7]
\openout2 = `body/introduction.aux'.

 (body/introduction.tex
Chapter 1.

pdfTeX warning (ext4): destination with the same identifier (name{page.1}) has been already used, duplicate ignored
<to be read again> 
                   \relax 
l.15 
      [1


]
LaTeX Font Info:    Trying to load font information for TS1+ptm on input line 27.
 (C:\Users\Buravit\AppData\Local\Programs\MiKTeX\tex/latex/psnfss\ts1ptm.fd
File: ts1ptm.fd 2001/06/04 font definitions for TS1/ptm.
)
pdfTeX warning (ext4): destination with the same identifier (name{page.2}) has been already used, duplicate ignored
<to be read again> 
                   \relax 
l.33             \item M
                        aximum operation time [2] [3] [4] [5] [6]) [7] [8]
\openout2 = `body/relatedworks.aux'.

 (body/relatedworks.tex
Chapter 2.

Underfull \hbox (badness 7397) in paragraph at lines 50--50
[]|\T1/ptm/m/n/12 (+20) Electronics Man-u-
 []


Underfull \hbox (badness 2617) in paragraph at lines 50--50
[]|\T1/ptm/m/n/12 (+20) Small to Medium
 []


Underfull \hbox (badness 1400) in paragraph at lines 50--50
[]|\T1/ptm/m/n/12 (+20) Manufacturers and
 []


Underfull \hbox (badness 10000) in paragraph at lines 50--50
[]|\T1/ptm/m/n/12 (+20) Batch and semi-
 []


Underfull \hbox (badness 10000) in paragraph at lines 50--50
\T1/ptm/m/n/12 (+20) continuous man-u-
 []


Underfull \hbox (badness 10000) in paragraph at lines 50--50
[]|\T1/ptm/m/n/12 (+20) Web-Based ERP
 []


Underfull \hbox (badness 10000) in paragraph at lines 50--50
\T1/ptm/m/n/12 (+20) (En-ter-prise Re-
 []


Underfull \hbox (badness 10000) in paragraph at lines 50--50
[]|\T1/ptm/m/n/12 (+20) Web and On-
 []


Underfull \hbox (badness 10000) in paragraph at lines 50--50
[]|\T1/ptm/m/n/12 (+20) Highly Cus-tomiz-
 []


Underfull \hbox (badness 10000) in paragraph at lines 50--50
[]|\T1/ptm/b/n/12 (+20) Drag-and-Drop
 []


Underfull \hbox (badness 2735) in paragraph at lines 50--50
[]|\T1/ptm/m/n/12 (+20) Integrates with E-
 []


Underfull \hbox (badness 10000) in paragraph at lines 50--50
[]|\T1/ptm/m/n/12 (+20) Optimization-
 []


Underfull \hbox (badness 10000) in paragraph at lines 50--50
\T1/ptm/m/n/12 (+20) Based Schedul-ing
 []


Underfull \hbox (badness 6157) in paragraph at lines 50--50
\T1/ptm/m/n/12 (+20) and can also be
 []


Underfull \hbox (badness 10000) in paragraph at lines 50--50
[]|\T1/ptm/m/n/12 (+20) Real-Time Cost
 []


Underfull \hbox (badness 3579) in paragraph at lines 50--50
[]|\T1/ptm/m/n/12 (+20) Real-Time Re-port-
 []


Underfull \hbox (badness 10000) in paragraph at lines 50--50
[]|\T1/ptm/m/n/12 (+20) Estimated Cost
 []


Underfull \hbox (badness 10000) in paragraph at lines 50--50
[]|\T1/ptm/b/n/12 (+20) Resource Al-lo-ca-
 []


Underfull \hbox (badness 4108) in paragraph at lines 50--50
[]|\T1/ptm/m/n/12 (+20) Resource Man-age-
 []


Underfull \hbox (badness 4108) in paragraph at lines 50--50
[]|\T1/ptm/m/n/12 (+20) Resource Man-age-
 []


Overfull \hbox (2.61751pt too wide) in paragraph at lines 33--51
 [] 
 []

[9



] [10
pdfTeX warning (ext4): destination with the same identifier (name{table.2.1}) has been already used, duplicate ignored
<argument> ...shipout:D \box_use:N \l_shipout_box 
                                                  \__shipout_drop_firstpage_...
l.61 \textbf{Jobman}
                    : Jobman is a web-based ERP solution designed for manufa...] [11] [12]) [13]
\openout2 = `body/requirementanalysis.aux'.

 (body/requirementanalysis.tex
Chapter 3.
[14



]
Overfull \hbox (2.61751pt too wide) in paragraph at lines 38--51
 [] 
 []

<./assets/diagram/use_case_diagram.png, id=464, 480.29437pt x 542.77782pt>
File: ./assets/diagram/use_case_diagram.png Graphic file (type png)
<use ./assets/diagram/use_case_diagram.png>
Package pdftex.def Info: ./assets/diagram/use_case_diagram.png  used on input line 63.
(pdftex.def)             Requested size: 418.25368pt x 472.67668pt.

Underfull \vbox (badness 10000) has occurred while \output is active []

 [15
pdfTeX warning (ext4): destination with the same identifier (name{table.3.1}) has been already used, duplicate ignored
<argument> ...shipout:D \box_use:N \l_shipout_box 
                                                  \__shipout_drop_firstpage_...
l.66 \end{adjustwidth}
                      ] [16
pdfTeX warning (ext4): destination with the same identifier (name{figure.3.1}) has been already used, duplicate ignored
<argument> ...shipout:D \box_use:N \l_shipout_box 
                                                  \__shipout_drop_firstpage_...
l.76 
      <./assets/diagram/use_case_diagram.png>]
<./assets/TaskAlign_UI/Machine_01.png, id=475, 954.56625pt x 563.85657pt>
File: ./assets/TaskAlign_UI/Machine_01.png Graphic file (type png)
<use ./assets/TaskAlign_UI/Machine_01.png>
Package pdftex.def Info: ./assets/TaskAlign_UI/Machine_01.png  used on input line 88.
(pdftex.def)             Requested size: 418.25368pt x 247.0566pt.
<./assets/TaskAlign_UI/Product_01.png, id=476, 970.3753pt x 656.4525pt>
File: ./assets/TaskAlign_UI/Product_01.png Graphic file (type png)
<use ./assets/TaskAlign_UI/Product_01.png>
Package pdftex.def Info: ./assets/TaskAlign_UI/Product_01.png  used on input line 94.
(pdftex.def)             Requested size: 418.25368pt x 282.9502pt.


LaTeX Warning: `h' float specifier changed to `ht'.

<./assets/TaskAlign_UI/Product_02.png, id=477, 857.45343pt x 629.35126pt>
File: ./assets/TaskAlign_UI/Product_02.png Graphic file (type png)
<use ./assets/TaskAlign_UI/Product_02.png>
Package pdftex.def Info: ./assets/TaskAlign_UI/Product_02.png  used on input line 100.
(pdftex.def)             Requested size: 418.25368pt x 306.99236pt.

LaTeX Warning: `h' float specifier changed to `ht'.

<./assets/TaskAlign_UI/Product_03.png, id=478, 964.35281pt x 667.74469pt>
File: ./assets/TaskAlign_UI/Product_03.png Graphic file (type png)
<use ./assets/TaskAlign_UI/Product_03.png>
Package pdftex.def Info: ./assets/TaskAlign_UI/Product_03.png  used on input line 106.
(pdftex.def)             Requested size: 418.25368pt x 289.61072pt.

LaTeX Warning: `h' float specifier changed to `ht'.

<./assets/TaskAlign_UI/Schedule_01.png, id=479, 855.195pt x 377.91188pt>
File: ./assets/TaskAlign_UI/Schedule_01.png Graphic file (type png)
<use ./assets/TaskAlign_UI/Schedule_01.png>
Package pdftex.def Info: ./assets/TaskAlign_UI/Schedule_01.png  used on input line 112.
(pdftex.def)             Requested size: 418.25368pt x 184.82668pt.

LaTeX Warning: `h' float specifier changed to `ht'.

<./assets/TaskAlign_UI/Schedule_02.png, id=480, 855.94781pt x 554.07pt>
File: ./assets/TaskAlign_UI/Schedule_02.png Graphic file (type png)
<use ./assets/TaskAlign_UI/Schedule_02.png>
Package pdftex.def Info: ./assets/TaskAlign_UI/Schedule_02.png  used on input line 118.
(pdftex.def)             Requested size: 418.25368pt x 270.74423pt.

LaTeX Warning: `h' float specifier changed to `ht'.

<./assets/TaskAlign_UI/Schedule_03.png, id=481, 960.58875pt x 529.22719pt>
File: ./assets/TaskAlign_UI/Schedule_03.png Graphic file (type png)
<use ./assets/TaskAlign_UI/Schedule_03.png>
Package pdftex.def Info: ./assets/TaskAlign_UI/Schedule_03.png  used on input line 124.
(pdftex.def)             Requested size: 418.25368pt x 230.43808pt.

LaTeX Warning: `h' float specifier changed to `ht'.

<./assets/TaskAlign_UI/Schedule_04.png, id=482, 854.44218pt x 638.385pt>
File: ./assets/TaskAlign_UI/Schedule_04.png Graphic file (type png)
<use ./assets/TaskAlign_UI/Schedule_04.png>
Package pdftex.def Info: ./assets/TaskAlign_UI/Schedule_04.png  used on input line 130.
(pdftex.def)             Requested size: 418.25368pt x 312.48993pt.

LaTeX Warning: `h' float specifier changed to `ht'.

<./assets/TaskAlign_UI/Schedule_05.png, id=483, 852.93657pt x 647.41875pt>
File: ./assets/TaskAlign_UI/Schedule_05.png Graphic file (type png)
<use ./assets/TaskAlign_UI/Schedule_05.png>
Package pdftex.def Info: ./assets/TaskAlign_UI/Schedule_05.png  used on input line 136.
(pdftex.def)             Requested size: 418.25368pt x 317.47505pt.

LaTeX Warning: `h' float specifier changed to `ht'.

) [17
pdfTeX warning (ext4): destination with the same identifier (name{figure.3.2}) has been already used, duplicate ignored
<argument> ...shipout:D \box_use:N \l_shipout_box 
                                                  \__shipout_drop_firstpage_...
l.75     \include{body/requirementanalysis}
                                            <./assets/TaskAlign_UI/Machine_01.png>] [18
pdfTeX warning (ext4): destination with the same identifier (name{figure.3.3}) has been already used, duplicate ignored
<argument> ...shipout:D \box_use:N \l_shipout_box 
                                                  \__shipout_drop_firstpage_...
l.75     \include{body/requirementanalysis}
                                            <./assets/TaskAlign_UI/Product_01.png>] [19
pdfTeX warning (ext4): destination with the same identifier (name{figure.3.4}) has been already used, duplicate ignored
<argument> ...shipout:D \box_use:N \l_shipout_box 
                                                  \__shipout_drop_firstpage_...
l.75     \include{body/requirementanalysis}
                                            <./assets/TaskAlign_UI/Product_02.png>] [20
pdfTeX warning (ext4): destination with the same identifier (name{figure.3.5}) has been already used, duplicate ignored
<argument> ...shipout:D \box_use:N \l_shipout_box 
                                                  \__shipout_drop_firstpage_...
l.75     \include{body/requirementanalysis}
                                           
pdfTeX warning (ext4): destination with the same identifier (name{figure.3.6}) has been already used, duplicate ignored
<argument> ...shipout:D \box_use:N \l_shipout_box 
                                                  \__shipout_drop_firstpage_...
l.75     \include{body/requirementanalysis}
                                            <./assets/TaskAlign_UI/Product_03.png> <./assets/TaskAlign_UI/Schedule_01.png>] [21
pdfTeX warning (ext4): destination with the same identifier (name{figure.3.7}) has been already used, duplicate ignored
<argument> ...shipout:D \box_use:N \l_shipout_box 
                                                  \__shipout_drop_firstpage_...
l.75     \include{body/requirementanalysis}
                                            <./assets/TaskAlign_UI/Schedule_02.png>] [22
pdfTeX warning (ext4): destination with the same identifier (name{figure.3.8}) has been already used, duplicate ignored
<argument> ...shipout:D \box_use:N \l_shipout_box 
                                                  \__shipout_drop_firstpage_...
l.75     \include{body/requirementanalysis}
                                            <./assets/TaskAlign_UI/Schedule_03.png>] [23
pdfTeX warning (ext4): destination with the same identifier (name{figure.3.9}) has been already used, duplicate ignored
<argument> ...shipout:D \box_use:N \l_shipout_box 
                                                  \__shipout_drop_firstpage_...
l.75     \include{body/requirementanalysis}
                                            <./assets/TaskAlign_UI/Schedule_04.png>] [24
pdfTeX warning (ext4): destination with the same identifier (name{figure.3.10}) has been already used, duplicate ignored
<argument> ...shipout:D \box_use:N \l_shipout_box 
                                                  \__shipout_drop_firstpage_...
l.75     \include{body/requirementanalysis}
                                            <./assets/TaskAlign_UI/Schedule_05.png>]
\openout2 = `body/softwarearchitecture.aux'.

 (body/softwarearchitecture.tex
Chapter 4.
[25



] [26] [27]) [28]
\openout2 = `body/softwaredevelopment.aux'.

 (body/softwaredevelopment.tex
Chapter 5.
<./assets/diagram/TaskAlign_TechStack.png, id=561, 659.01207pt x 560.0925pt>
File: ./assets/diagram/TaskAlign_TechStack.png Graphic file (type png)
<use ./assets/diagram/TaskAlign_TechStack.png>
Package pdftex.def Info: ./assets/diagram/TaskAlign_TechStack.png  used on input line 12.
(pdftex.def)             Requested size: 209.12683pt x 177.73766pt.
)
Underfull \vbox (badness 1694) has occurred while \output is active []

 [29




pdfTeX warning (ext4): destination with the same identifier (name{figure.5.1}) has been already used, duplicate ignored
<argument> ...shipout:D \box_use:N \l_shipout_box 
                                                  \__shipout_drop_firstpage_...
l.77     \include{body/softwaredevelopment}
                                            <./assets/diagram/TaskAlign_TechStack.png>] [30]
\openout2 = `body/deliverable.aux'.

 (body/deliverable.tex
Chapter 6.
) [31



]
\openout2 = `body/discussion.aux'.

 (body/discussion.tex
Chapter 7.
) [32



] (common/onetextpage.tex) [33



] (document.bbl [34

]) [35]
\openout2 = `body/appendices.aux'.

 (body/appendices.tex (common/onetextpage.tex)
\c@nappendix=\count293
 [36


] [37

] [38

]
LaTeX Font Info:    Font shape `OT1/ptm/bx/n' in size <20.74> not available
(Font)              Font shape `OT1/ptm/b/n' tried instead on input line 19.
) [39

] (document.aux (partials/cover.aux) (partials/innercover.aux) (body/abstract.aux) (body/acknowledgement.aux) (body/introduction.aux) (body/relatedworks.aux) (body/requirementanalysis.aux) (body/softwarearchitecture.aux) (body/softwaredevelopment.aux) (body/deliverable.aux) (body/discussion.aux) (body/appendices.aux))
 ***********
LaTeX2e <2023-11-01> patch level 1
L3 programming layer <2024-01-04>
 ***********
Package rerunfilecheck Info: File `document.out' has not changed.
(rerunfilecheck)             Checksum: 2A2717C869EB092AF11E14ACFFA1C2DF;10098.
 ) 
Here is how much of TeX's memory you used:
 15791 strings out of 474486
 274550 string characters out of 5742811
 1943542 words of memory out of 5000000
 37253 multiletter control sequences out of 15000+600000
 641627 words of font info for 332 fonts, out of 8000000 for 9000
 1141 hyphenation exceptions out of 8191
 75i,12n,79p,1282b,823s stack positions out of 10000i,1000n,20000p,200000b,200000s
<C:/Users/Buravit/AppData/Local/Programs/MiKTeX/fonts/type1/urw/times/utmb8a.pfb><C:/Users/Buravit/AppData/Local/Programs/MiKTeX/fonts/type1/urw/times/utmr8a.pfb><C:/Users/Buravit/AppData/Local/Programs/MiKTeX/fonts/type1/urw/times/utmri8a.pfb>
Output written on document.pdf (48 pages, 1335535 bytes).
PDF statistics:
 681 PDF objects out of 1000 (max. 8388607)
 159 named destinations out of 1000 (max. 500000)
 104477 words of extra memory for PDF output out of 106986 (max. 10000000)

